// Jest Snapshot v1, https://goo.gl/fbAQLP

exports[`should correctly render LoginPage 1`] = `
<div
  className="box-layout"
>
  <div
    className="box-layout_box"
  >
    <h1
      className="box-layout__tittle"
    >
      Boilerplate App
    </h1>
    <p>
      Tagline for app.
    </p>
    <button
      className="button"
    >
      Login with Google
    </button>
  </div>
</div>
`;
